
----------------------------------------------------------
Simulation parameters 
----------------------------------------------------------
Number of particles:                 500 
Box length:                    6.000e+00 nm
Box volume:                    2.160e+02 nm^3
Density:                       1.536e-01 g/cm^3

Time step:                         0.001 ps
Number of time steps:              30000
Simulation time:               3.000e+01 ps

Ensemble:                            NVT
Thermostat temperature:               80 K
Thermostat coupling:           1.000e+00 ps

Lower cutoff radius:               0.010 nm
----------------------------------------------------------
Elapsed time:                  19543.093 s
Elapsed time per time step:        0.651 s
Time stamp:                   2026-07-14 18:17:14 s
----------------------------------------------------------
Seed                          101
Steepest Descent              False
----------------------------------------------------------
Epsilon                       0.9977355141783887
Sigma                         0.34
Mass of particle              39.95
----------------------------------------------------------
END
----------------------------------------------------------
