
----------------------------------------------------------
Simulation parameters 
----------------------------------------------------------
Number of particles:                 200 
Box length:                    5.000e+00 nm
Box volume:                    1.250e+02 nm^3
Density:                       1.061e-01 g/cm^3

Time step:                         0.001 ps
Number of time steps:               1000
Simulation time:               1.000e+00 ps

Ensemble:                            NVT
Thermostat temperature:              300 K
Thermostat coupling:           1.000e+00 ps

Lower cutoff radius:               0.010 nm
----------------------------------------------------------
Elapsed time:                    148.626 s
Elapsed time per time step:        0.149 s
Time stamp:                   2026-07-08 22:51:11 s
----------------------------------------------------------
END
----------------------------------------------------------
