
----------------------------------------------------------
Simulation parameters 
----------------------------------------------------------
Number of particles:                 500 
Box length:                    6.000e+00 nm
Box volume:                    2.160e+02 nm^3
Density:                       1.536e-01 g/cm^3

Time step:                         0.001 ps
Number of time steps:              30000
Simulation time:               3.000e+01 ps

Ensemble:                            NVE
Initial velocities:                   80 K

Lower cutoff radius:               0.010 nm
----------------------------------------------------------
Elapsed time:                  32073.465 s
Elapsed time per time step:        1.069 s
Time stamp:                   2026-07-17 04:16:45 s
----------------------------------------------------------
Seed                          49
Steepest Descent              False
----------------------------------------------------------
Epsilon                       0.9977355141783887
Sigma                         0.34
Mass of particle              39.95
----------------------------------------------------------
END
----------------------------------------------------------
