
----------------------------------------------------------
Simulation parameters 
----------------------------------------------------------
Number of particles:                 200 
Box length:                    3.000e+00 nm
Box volume:                    2.700e+01 nm^3
Density:                       4.914e-01 g/cm^3

Time step:                         0.001 ps
Number of time steps:               5000
Simulation time:               5.000e+00 ps

Ensemble:                            NVT
Thermostat temperature:              200 K
Thermostat coupling:           1.000e+00 ps

Lower cutoff radius:               0.010 nm
----------------------------------------------------------
Elapsed time:                    229.528 s
Elapsed time per time step:        0.046 s
Time stamp:                   2026-07-09 10:54:13 s
----------------------------------------------------------
Seed                          68
Steepest Descent              False
----------------------------------------------------------
Epsilon                       0.9977355141783887
Sigma                         0.34
Mass of particle              39.95
----------------------------------------------------------
END
----------------------------------------------------------
