
----------------------------------------------------------
Simulation parameters 
----------------------------------------------------------
Number of particles:                 200 
Box length:                    4.000e+00 nm
Box volume:                    6.400e+01 nm^3
Density:                       2.073e-01 g/cm^3

Time step:                         0.001 ps
Number of time steps:               1000
Simulation time:               1.000e+00 ps

Ensemble:                            NVT
Thermostat temperature:              200 K
Thermostat coupling:           1.000e+00 ps

Lower cutoff radius:               0.010 nm
----------------------------------------------------------
Elapsed time:                     64.625 s
Elapsed time per time step:        0.065 s
Time stamp:                   2026-07-09 10:42:59 s
----------------------------------------------------------
Seed                          68
Steepest Descent              False
----------------------------------------------------------
Epsilon                       0.9977355141783887
Sigma                         0.34
Mass of particle              39.95
----------------------------------------------------------
END
----------------------------------------------------------
